[backblue.gif]
[fade.gif]
[index.html]
[neos.com/index.html]
[neos.com/assets/googleMapsAerial-CVHMJ5Kz.js]
[neos.com/assets/DRACOLoader-BRrjJKJj.js]
[neos.com/assets/three.module-CQU0seT4.js]
[neos.com/assets/OrbitControls-CAmelIij.js]
[neos.com/assets/readMagicBytes-ReGFEf36.js]
[neos.com/assets/GLTFLoader-Bzr6GmPM.js]
[neos.com/assets/I3DMLoader--guqwtSo.js]
[neos.com/assets/Ellipsoid-BKsGN9dG.js]
[neos.com/assets/B3DMLoader-BZtrZCNg.js]
[neos.com/assets/GeometryClipper-DDKqlNfA.js]
[neos.com/assets/PNTSLoader-gB5YPyhc.js]
[neos.com/assets/CMPTLoader-VEto4VOC.js]
[neos.com/assets/EllipsoidRegion-BEIhCuST.js]
[neos.com/assets/TilesRenderer-Dt06WWnf.js]
[neos.com/assets/ImageFormatPlugin-gd2xpo9t.js]
[neos.com/assets/TiledImageSource-Dter0Emb.js]
[neos.com/assets/TMSImageSource-BwMpBOyS.js]
[neos.com/assets/CesiumIonAuthPlugin-DL6JcDIR.js]
[neos.com/assets/TileCompressionPlugin-D2vhaUyU.js]
[neos.com/assets/EPSGTilesPlugin-DJF9gzHX.js]
[neos.com/assets/GLTFExtensionsPlugin-DKG5_O3O.js]
[neos.com/assets/ReorientationPlugin-BUllGpqj.js]
[neos.com/assets/TilesFadePlugin-D_u_P2Qt.js]
[neos.com/assets/styles-DnDcsTJa.css]
[neos.com/assets/neos.png]
[neos.com/assets/cesiumion.png]
[neos.com/assets/google.png]
